================================================================================
Syntax and feasibility+ports table (max, min, avg):
--------------------------------------------------------------------------------
ground_truth | 16 16 16.0 | 16 16 16.0
================================================================================
================================================================================
Complexity (out of 5)
--------------------------------------------------------------------------------
ground_truth | 1
================================================================================
In convergence region:
================================================================================
0
[Coverpoint(port='ACT', bins=[], ignore_bins=[], illegal_bins=[], sequences=[Sequence(port='ACT', sequence=deque([0, 1]), captured=deque([], maxlen=2), hits=0, at_least=1), Sequence(port='ACT', sequence=deque([1, 0]), captured=deque([], maxlen=2), hits=0, at_least=1)])]
[]
{Sequence(port='ACT', sequence=(1, 0), at_least=1), Sequence(port='ACT', sequence=(0, 1), at_least=1)}

{Sequence(port='ACT', sequence=(1, 0), at_least=1), Sequence(port='ACT', sequence=(0, 1), at_least=1)}

True


1
[Coverpoint(port='RST', bins=[], ignore_bins=[], illegal_bins=[], sequences=[Sequence(port='RST', sequence=deque([0, 1]), captured=deque([], maxlen=2), hits=0, at_least=5), Sequence(port='RST', sequence=deque([1, 0]), captured=deque([], maxlen=2), hits=0, at_least=5)])]
[]
{Sequence(port='RST', sequence=(1, 0), at_least=5), Sequence(port='RST', sequence=(0, 1), at_least=5)}

{Sequence(port='RST', sequence=(1, 0), at_least=5), Sequence(port='RST', sequence=(0, 1), at_least=5)}

True


2
[Coverpoint(port='ACT', bins=[Bin(port='ACT', value_range=(0, 0), hits=0, at_least=1), Bin(port='ACT', value_range=(1, 1), hits=0, at_least=1)], ignore_bins=[], illegal_bins=[], sequences=[]), Coverpoint(port='RST', bins=[Bin(port='RST', value_range=(0, 0), hits=0, at_least=1), Bin(port='RST', value_range=(1, 1), hits=0, at_least=1)], ignore_bins=[], illegal_bins=[], sequences=[])]
[Cross(cross=[(Bin(port='ACT', value_range=(0, 0), hits=0, at_least=1), Bin(port='RST', value_range=(0, 0), hits=0, at_least=1)), (Bin(port='ACT', value_range=(0, 0), hits=0, at_least=1), Bin(port='RST', value_range=(1, 1), hits=0, at_least=1)), (Bin(port='ACT', value_range=(1, 1), hits=0, at_least=1), Bin(port='RST', value_range=(0, 0), hits=0, at_least=1)), (Bin(port='ACT', value_range=(1, 1), hits=0, at_least=1), Bin(port='RST', value_range=(1, 1), hits=0, at_least=1))], hits=[0, 0, 0, 0])]
{Bin(cat='normal', port='RST', value=(0, 0), at_least=1), Cross(ports=('ACT', 'RST'), bins=(((0, 0), (1, 1)), ((0, 0), (1, 1)))), Bin(cat='normal', port='RST', value=(1, 1), at_least=1), Bin(cat='normal', port='ACT', value=(0, 0), at_least=1), Bin(cat='normal', port='ACT', value=(1, 1), at_least=1)}

{Cross(ports=('ACT', 'RST'), bins=(((0, 0), (1, 1)), ((0, 0), (1, 1))))}

True


3
[Coverpoint(port='ACT', bins=[Bin(port='ACT', value_range=(1, 1), hits=0, at_least=1)], ignore_bins=[], illegal_bins=[], sequences=[]), Coverpoint(port='OP', bins=[Bin(port='OP', value_range=(0, 0), hits=0, at_least=1), Bin(port='OP', value_range=(1, 1), hits=0, at_least=1), Bin(port='OP', value_range=(2, 2), hits=0, at_least=1), Bin(port='OP', value_range=(3, 3), hits=0, at_least=1), Bin(port='OP', value_range=(4, 4), hits=0, at_least=1), Bin(port='OP', value_range=(5, 5), hits=0, at_least=1), Bin(port='OP', value_range=(6, 6), hits=0, at_least=1), Bin(port='OP', value_range=(7, 7), hits=0, at_least=1), Bin(port='OP', value_range=(8, 8), hits=0, at_least=1), Bin(port='OP', value_range=(9, 9), hits=0, at_least=1), Bin(port='OP', value_range=(10, 10), hits=0, at_least=1), Bin(port='OP', value_range=(11, 11), hits=0, at_least=1), Bin(port='OP', value_range=(12, 12), hits=0, at_least=1), Bin(port='OP', value_range=(13, 13), hits=0, at_least=1), Bin(port='OP', value_range=(14, 14), hits=0, at_least=1), Bin(port='OP', value_range=(15, 15), hits=0, at_least=1)], ignore_bins=[], illegal_bins=[], sequences=[])]
[Cross(cross=[(Bin(port='OP', value_range=(0, 0), hits=0, at_least=1), Bin(port='ACT', value_range=(1, 1), hits=0, at_least=1)), (Bin(port='OP', value_range=(1, 1), hits=0, at_least=1), Bin(port='ACT', value_range=(1, 1), hits=0, at_least=1)), (Bin(port='OP', value_range=(2, 2), hits=0, at_least=1), Bin(port='ACT', value_range=(1, 1), hits=0, at_least=1)), (Bin(port='OP', value_range=(3, 3), hits=0, at_least=1), Bin(port='ACT', value_range=(1, 1), hits=0, at_least=1)), (Bin(port='OP', value_range=(4, 4), hits=0, at_least=1), Bin(port='ACT', value_range=(1, 1), hits=0, at_least=1)), (Bin(port='OP', value_range=(5, 5), hits=0, at_least=1), Bin(port='ACT', value_range=(1, 1), hits=0, at_least=1)), (Bin(port='OP', value_range=(6, 6), hits=0, at_least=1), Bin(port='ACT', value_range=(1, 1), hits=0, at_least=1)), (Bin(port='OP', value_range=(7, 7), hits=0, at_least=1), Bin(port='ACT', value_range=(1, 1), hits=0, at_least=1)), (Bin(port='OP', value_range=(8, 8), hits=0, at_least=1), Bin(port='ACT', value_range=(1, 1), hits=0, at_least=1)), (Bin(port='OP', value_range=(9, 9), hits=0, at_least=1), Bin(port='ACT', value_range=(1, 1), hits=0, at_least=1)), (Bin(port='OP', value_range=(10, 10), hits=0, at_least=1), Bin(port='ACT', value_range=(1, 1), hits=0, at_least=1)), (Bin(port='OP', value_range=(11, 11), hits=0, at_least=1), Bin(port='ACT', value_range=(1, 1), hits=0, at_least=1)), (Bin(port='OP', value_range=(12, 12), hits=0, at_least=1), Bin(port='ACT', value_range=(1, 1), hits=0, at_least=1)), (Bin(port='OP', value_range=(13, 13), hits=0, at_least=1), Bin(port='ACT', value_range=(1, 1), hits=0, at_least=1)), (Bin(port='OP', value_range=(14, 14), hits=0, at_least=1), Bin(port='ACT', value_range=(1, 1), hits=0, at_least=1)), (Bin(port='OP', value_range=(15, 15), hits=0, at_least=1), Bin(port='ACT', value_range=(1, 1), hits=0, at_least=1))], hits=[0, 0, 0, 0, 0, 0, 0, 0, 0, 0, 0, 0, 0, 0, 0, 0])]
{Bin(cat='normal', port='OP', value=(5, 5), at_least=1), Bin(cat='normal', port='OP', value=(3, 3), at_least=1), Bin(cat='normal', port='OP', value=(2, 2), at_least=1), Bin(cat='normal', port='OP', value=(8, 8), at_least=1), Bin(cat='normal', port='OP', value=(12, 12), at_least=1), Bin(cat='normal', port='OP', value=(7, 7), at_least=1), Bin(cat='normal', port='OP', value=(15, 15), at_least=1), Bin(cat='normal', port='OP', value=(14, 14), at_least=1), Bin(cat='normal', port='OP', value=(0, 0), at_least=1), Bin(cat='normal', port='OP', value=(6, 6), at_least=1), Bin(cat='normal', port='OP', value=(1, 1), at_least=1), Bin(cat='normal', port='OP', value=(9, 9), at_least=1), Cross(ports=('ACT', 'OP'), bins=(((1, 1),), ((0, 0), (1, 1), (2, 2), (3, 3), (4, 4), (5, 5), (6, 6), (7, 7), (8, 8), (9, 9), (10, 10), (11, 11), (12, 12), (13, 13), (14, 14), (15, 15)))), Bin(cat='normal', port='OP', value=(13, 13), at_least=1), Bin(cat='normal', port='OP', value=(11, 11), at_least=1), Bin(cat='normal', port='OP', value=(4, 4), at_least=1), Bin(cat='normal', port='ACT', value=(1, 1), at_least=1), Bin(cat='normal', port='OP', value=(10, 10), at_least=1)}

{Cross(ports=('ACT', 'OP'), bins=(((1, 1),), ((0, 0), (1, 1), (2, 2), (3, 3), (4, 4), (5, 5), (6, 6), (7, 7), (8, 8), (9, 9), (10, 10), (11, 11), (12, 12), (13, 13), (14, 14), (15, 15))))}

True


4
[Coverpoint(port='OP', bins=[Bin(port='OP', value_range=(0, 0), hits=0, at_least=1), Bin(port='OP', value_range=(1, 1), hits=0, at_least=1), Bin(port='OP', value_range=(2, 2), hits=0, at_least=1), Bin(port='OP', value_range=(3, 3), hits=0, at_least=1), Bin(port='OP', value_range=(4, 4), hits=0, at_least=1), Bin(port='OP', value_range=(5, 5), hits=0, at_least=1), Bin(port='OP', value_range=(6, 6), hits=0, at_least=1), Bin(port='OP', value_range=(7, 7), hits=0, at_least=1), Bin(port='OP', value_range=(8, 8), hits=0, at_least=1), Bin(port='OP', value_range=(9, 9), hits=0, at_least=1), Bin(port='OP', value_range=(10, 10), hits=0, at_least=1), Bin(port='OP', value_range=(11, 11), hits=0, at_least=1), Bin(port='OP', value_range=(12, 12), hits=0, at_least=1), Bin(port='OP', value_range=(13, 13), hits=0, at_least=1), Bin(port='OP', value_range=(14, 14), hits=0, at_least=1), Bin(port='OP', value_range=(15, 15), hits=0, at_least=1)], ignore_bins=[], illegal_bins=[], sequences=[]), Coverpoint(port='MOVI', bins=[Bin(port='MOVI', value_range=(0, 0), hits=0, at_least=1), Bin(port='MOVI', value_range=(1, 1), hits=0, at_least=1), Bin(port='MOVI', value_range=(2, 2), hits=0, at_least=1), Bin(port='MOVI', value_range=(3, 3), hits=0, at_least=1)], ignore_bins=[], illegal_bins=[], sequences=[])]
[Cross(cross=[(Bin(port='OP', value_range=(0, 0), hits=0, at_least=1), Bin(port='MOVI', value_range=(0, 0), hits=0, at_least=1)), (Bin(port='OP', value_range=(0, 0), hits=0, at_least=1), Bin(port='MOVI', value_range=(1, 1), hits=0, at_least=1)), (Bin(port='OP', value_range=(0, 0), hits=0, at_least=1), Bin(port='MOVI', value_range=(2, 2), hits=0, at_least=1)), (Bin(port='OP', value_range=(0, 0), hits=0, at_least=1), Bin(port='MOVI', value_range=(3, 3), hits=0, at_least=1)), (Bin(port='OP', value_range=(1, 1), hits=0, at_least=1), Bin(port='MOVI', value_range=(0, 0), hits=0, at_least=1)), (Bin(port='OP', value_range=(1, 1), hits=0, at_least=1), Bin(port='MOVI', value_range=(1, 1), hits=0, at_least=1)), (Bin(port='OP', value_range=(1, 1), hits=0, at_least=1), Bin(port='MOVI', value_range=(2, 2), hits=0, at_least=1)), (Bin(port='OP', value_range=(1, 1), hits=0, at_least=1), Bin(port='MOVI', value_range=(3, 3), hits=0, at_least=1)), (Bin(port='OP', value_range=(2, 2), hits=0, at_least=1), Bin(port='MOVI', value_range=(0, 0), hits=0, at_least=1)), (Bin(port='OP', value_range=(2, 2), hits=0, at_least=1), Bin(port='MOVI', value_range=(1, 1), hits=0, at_least=1)), (Bin(port='OP', value_range=(2, 2), hits=0, at_least=1), Bin(port='MOVI', value_range=(2, 2), hits=0, at_least=1)), (Bin(port='OP', value_range=(2, 2), hits=0, at_least=1), Bin(port='MOVI', value_range=(3, 3), hits=0, at_least=1)), (Bin(port='OP', value_range=(3, 3), hits=0, at_least=1), Bin(port='MOVI', value_range=(0, 0), hits=0, at_least=1)), (Bin(port='OP', value_range=(3, 3), hits=0, at_least=1), Bin(port='MOVI', value_range=(1, 1), hits=0, at_least=1)), (Bin(port='OP', value_range=(3, 3), hits=0, at_least=1), Bin(port='MOVI', value_range=(2, 2), hits=0, at_least=1)), (Bin(port='OP', value_range=(3, 3), hits=0, at_least=1), Bin(port='MOVI', value_range=(3, 3), hits=0, at_least=1)), (Bin(port='OP', value_range=(4, 4), hits=0, at_least=1), Bin(port='MOVI', value_range=(0, 0), hits=0, at_least=1)), (Bin(port='OP', value_range=(4, 4), hits=0, at_least=1), Bin(port='MOVI', value_range=(1, 1), hits=0, at_least=1)), (Bin(port='OP', value_range=(4, 4), hits=0, at_least=1), Bin(port='MOVI', value_range=(2, 2), hits=0, at_least=1)), (Bin(port='OP', value_range=(4, 4), hits=0, at_least=1), Bin(port='MOVI', value_range=(3, 3), hits=0, at_least=1)), (Bin(port='OP', value_range=(5, 5), hits=0, at_least=1), Bin(port='MOVI', value_range=(0, 0), hits=0, at_least=1)), (Bin(port='OP', value_range=(5, 5), hits=0, at_least=1), Bin(port='MOVI', value_range=(1, 1), hits=0, at_least=1)), (Bin(port='OP', value_range=(5, 5), hits=0, at_least=1), Bin(port='MOVI', value_range=(2, 2), hits=0, at_least=1)), (Bin(port='OP', value_range=(5, 5), hits=0, at_least=1), Bin(port='MOVI', value_range=(3, 3), hits=0, at_least=1)), (Bin(port='OP', value_range=(6, 6), hits=0, at_least=1), Bin(port='MOVI', value_range=(0, 0), hits=0, at_least=1)), (Bin(port='OP', value_range=(6, 6), hits=0, at_least=1), Bin(port='MOVI', value_range=(1, 1), hits=0, at_least=1)), (Bin(port='OP', value_range=(6, 6), hits=0, at_least=1), Bin(port='MOVI', value_range=(2, 2), hits=0, at_least=1)), (Bin(port='OP', value_range=(6, 6), hits=0, at_least=1), Bin(port='MOVI', value_range=(3, 3), hits=0, at_least=1)), (Bin(port='OP', value_range=(7, 7), hits=0, at_least=1), Bin(port='MOVI', value_range=(0, 0), hits=0, at_least=1)), (Bin(port='OP', value_range=(7, 7), hits=0, at_least=1), Bin(port='MOVI', value_range=(1, 1), hits=0, at_least=1)), (Bin(port='OP', value_range=(7, 7), hits=0, at_least=1), Bin(port='MOVI', value_range=(2, 2), hits=0, at_least=1)), (Bin(port='OP', value_range=(7, 7), hits=0, at_least=1), Bin(port='MOVI', value_range=(3, 3), hits=0, at_least=1)), (Bin(port='OP', value_range=(8, 8), hits=0, at_least=1), Bin(port='MOVI', value_range=(0, 0), hits=0, at_least=1)), (Bin(port='OP', value_range=(8, 8), hits=0, at_least=1), Bin(port='MOVI', value_range=(1, 1), hits=0, at_least=1)), (Bin(port='OP', value_range=(8, 8), hits=0, at_least=1), Bin(port='MOVI', value_range=(2, 2), hits=0, at_least=1)), (Bin(port='OP', value_range=(8, 8), hits=0, at_least=1), Bin(port='MOVI', value_range=(3, 3), hits=0, at_least=1)), (Bin(port='OP', value_range=(9, 9), hits=0, at_least=1), Bin(port='MOVI', value_range=(0, 0), hits=0, at_least=1)), (Bin(port='OP', value_range=(9, 9), hits=0, at_least=1), Bin(port='MOVI', value_range=(1, 1), hits=0, at_least=1)), (Bin(port='OP', value_range=(9, 9), hits=0, at_least=1), Bin(port='MOVI', value_range=(2, 2), hits=0, at_least=1)), (Bin(port='OP', value_range=(9, 9), hits=0, at_least=1), Bin(port='MOVI', value_range=(3, 3), hits=0, at_least=1)), (Bin(port='OP', value_range=(10, 10), hits=0, at_least=1), Bin(port='MOVI', value_range=(0, 0), hits=0, at_least=1)), (Bin(port='OP', value_range=(10, 10), hits=0, at_least=1), Bin(port='MOVI', value_range=(1, 1), hits=0, at_least=1)), (Bin(port='OP', value_range=(10, 10), hits=0, at_least=1), Bin(port='MOVI', value_range=(2, 2), hits=0, at_least=1)), (Bin(port='OP', value_range=(10, 10), hits=0, at_least=1), Bin(port='MOVI', value_range=(3, 3), hits=0, at_least=1)), (Bin(port='OP', value_range=(11, 11), hits=0, at_least=1), Bin(port='MOVI', value_range=(0, 0), hits=0, at_least=1)), (Bin(port='OP', value_range=(11, 11), hits=0, at_least=1), Bin(port='MOVI', value_range=(1, 1), hits=0, at_least=1)), (Bin(port='OP', value_range=(11, 11), hits=0, at_least=1), Bin(port='MOVI', value_range=(2, 2), hits=0, at_least=1)), (Bin(port='OP', value_range=(11, 11), hits=0, at_least=1), Bin(port='MOVI', value_range=(3, 3), hits=0, at_least=1)), (Bin(port='OP', value_range=(12, 12), hits=0, at_least=1), Bin(port='MOVI', value_range=(0, 0), hits=0, at_least=1)), (Bin(port='OP', value_range=(12, 12), hits=0, at_least=1), Bin(port='MOVI', value_range=(1, 1), hits=0, at_least=1)), (Bin(port='OP', value_range=(12, 12), hits=0, at_least=1), Bin(port='MOVI', value_range=(2, 2), hits=0, at_least=1)), (Bin(port='OP', value_range=(12, 12), hits=0, at_least=1), Bin(port='MOVI', value_range=(3, 3), hits=0, at_least=1)), (Bin(port='OP', value_range=(13, 13), hits=0, at_least=1), Bin(port='MOVI', value_range=(0, 0), hits=0, at_least=1)), (Bin(port='OP', value_range=(13, 13), hits=0, at_least=1), Bin(port='MOVI', value_range=(1, 1), hits=0, at_least=1)), (Bin(port='OP', value_range=(13, 13), hits=0, at_least=1), Bin(port='MOVI', value_range=(2, 2), hits=0, at_least=1)), (Bin(port='OP', value_range=(13, 13), hits=0, at_least=1), Bin(port='MOVI', value_range=(3, 3), hits=0, at_least=1)), (Bin(port='OP', value_range=(14, 14), hits=0, at_least=1), Bin(port='MOVI', value_range=(0, 0), hits=0, at_least=1)), (Bin(port='OP', value_range=(14, 14), hits=0, at_least=1), Bin(port='MOVI', value_range=(1, 1), hits=0, at_least=1)), (Bin(port='OP', value_range=(14, 14), hits=0, at_least=1), Bin(port='MOVI', value_range=(2, 2), hits=0, at_least=1)), (Bin(port='OP', value_range=(14, 14), hits=0, at_least=1), Bin(port='MOVI', value_range=(3, 3), hits=0, at_least=1)), (Bin(port='OP', value_range=(15, 15), hits=0, at_least=1), Bin(port='MOVI', value_range=(0, 0), hits=0, at_least=1)), (Bin(port='OP', value_range=(15, 15), hits=0, at_least=1), Bin(port='MOVI', value_range=(1, 1), hits=0, at_least=1)), (Bin(port='OP', value_range=(15, 15), hits=0, at_least=1), Bin(port='MOVI', value_range=(2, 2), hits=0, at_least=1)), (Bin(port='OP', value_range=(15, 15), hits=0, at_least=1), Bin(port='MOVI', value_range=(3, 3), hits=0, at_least=1))], hits=[0, 0, 0, 0, 0, 0, 0, 0, 0, 0, 0, 0, 0, 0, 0, 0, 0, 0, 0, 0, 0, 0, 0, 0, 0, 0, 0, 0, 0, 0, 0, 0, 0, 0, 0, 0, 0, 0, 0, 0, 0, 0, 0, 0, 0, 0, 0, 0, 0, 0, 0, 0, 0, 0, 0, 0, 0, 0, 0, 0, 0, 0, 0, 0])]
{Bin(cat='normal', port='OP', value=(5, 5), at_least=1), Bin(cat='normal', port='OP', value=(3, 3), at_least=1), Bin(cat='normal', port='OP', value=(12, 12), at_least=1), Bin(cat='normal', port='OP', value=(7, 7), at_least=1), Bin(cat='normal', port='OP', value=(14, 14), at_least=1), Bin(cat='normal', port='OP', value=(0, 0), at_least=1), Bin(cat='normal', port='MOVI', value=(2, 2), at_least=1), Bin(cat='normal', port='OP', value=(6, 6), at_least=1), Bin(cat='normal', port='OP', value=(1, 1), at_least=1), Bin(cat='normal', port='OP', value=(9, 9), at_least=1), Bin(cat='normal', port='MOVI', value=(1, 1), at_least=1), Bin(cat='normal', port='OP', value=(13, 13), at_least=1), Bin(cat='normal', port='OP', value=(2, 2), at_least=1), Bin(cat='normal', port='OP', value=(8, 8), at_least=1), Bin(cat='normal', port='OP', value=(15, 15), at_least=1), Bin(cat='normal', port='MOVI', value=(3, 3), at_least=1), Cross(ports=('MOVI', 'OP'), bins=(((0, 0), (1, 1), (2, 2), (3, 3)), ((0, 0), (1, 1), (2, 2), (3, 3), (4, 4), (5, 5), (6, 6), (7, 7), (8, 8), (9, 9), (10, 10), (11, 11), (12, 12), (13, 13), (14, 14), (15, 15)))), Bin(cat='normal', port='OP', value=(11, 11), at_least=1), Bin(cat='normal', port='MOVI', value=(0, 0), at_least=1), Bin(cat='normal', port='OP', value=(4, 4), at_least=1), Bin(cat='normal', port='OP', value=(10, 10), at_least=1)}

{Cross(ports=('MOVI', 'OP'), bins=(((0, 0), (1, 1), (2, 2), (3, 3)), ((0, 0), (1, 1), (2, 2), (3, 3), (4, 4), (5, 5), (6, 6), (7, 7), (8, 8), (9, 9), (10, 10), (11, 11), (12, 12), (13, 13), (14, 14), (15, 15))))}

True


5
[Coverpoint(port='REG_A', bins=[Bin(port='REG_A', value_range=(0, 0), hits=0, at_least=1), Bin(port='REG_A', value_range=(1, 5), hits=0, at_least=1), Bin(port='REG_A', value_range=(4294967290, 4294967295), hits=0, at_least=1), Bin(port='REG_A', value_range=(4294967295, 4294967295), hits=0, at_least=1)], ignore_bins=[], illegal_bins=[], sequences=[])]
[]
{Bin(cat='normal', port='REG_A', value=(1, 5), at_least=1), Bin(cat='normal', port='REG_A', value=(4294967295, 4294967295), at_least=1), Bin(cat='normal', port='REG_A', value=(4294967290, 4294967295), at_least=1), Bin(cat='normal', port='REG_A', value=(0, 0), at_least=1)}

{Bin(cat='normal', port='REG_A', value=(1, 5), at_least=1), Bin(cat='normal', port='REG_A', value=(4294967295, 4294967295), at_least=1), Bin(cat='normal', port='REG_A', value=(4294967290, 4294967295), at_least=1), Bin(cat='normal', port='REG_A', value=(0, 0), at_least=1)}

True


6
[Coverpoint(port='REG_B', bins=[Bin(port='REG_B', value_range=(0, 0), hits=0, at_least=1), Bin(port='REG_B', value_range=(1, 5), hits=0, at_least=1), Bin(port='REG_B', value_range=(4294967290, 4294967295), hits=0, at_least=1), Bin(port='REG_B', value_range=(4294967295, 4294967295), hits=0, at_least=1)], ignore_bins=[], illegal_bins=[], sequences=[])]
[]
{Bin(cat='normal', port='REG_B', value=(4294967295, 4294967295), at_least=1), Bin(cat='normal', port='REG_B', value=(0, 0), at_least=1), Bin(cat='normal', port='REG_B', value=(1, 5), at_least=1), Bin(cat='normal', port='REG_B', value=(4294967290, 4294967295), at_least=1)}

{Bin(cat='normal', port='REG_B', value=(4294967290, 4294967295), at_least=1), Bin(cat='normal', port='REG_B', value=(0, 0), at_least=1), Bin(cat='normal', port='REG_B', value=(1, 5), at_least=1), Bin(cat='normal', port='REG_B', value=(4294967295, 4294967295), at_least=1)}

True


7
[Coverpoint(port='MEM', bins=[Bin(port='MEM', value_range=(0, 0), hits=0, at_least=1), Bin(port='MEM', value_range=(1, 5), hits=0, at_least=1), Bin(port='MEM', value_range=(4294967290, 4294967295), hits=0, at_least=1), Bin(port='MEM', value_range=(4294967295, 4294967295), hits=0, at_least=1)], ignore_bins=[], illegal_bins=[], sequences=[])]
[]
{Bin(cat='normal', port='MEM', value=(1, 5), at_least=1), Bin(cat='normal', port='MEM', value=(4294967295, 4294967295), at_least=1), Bin(cat='normal', port='MEM', value=(4294967290, 4294967295), at_least=1), Bin(cat='normal', port='MEM', value=(0, 0), at_least=1)}

{Bin(cat='normal', port='MEM', value=(1, 5), at_least=1), Bin(cat='normal', port='MEM', value=(4294967290, 4294967295), at_least=1), Bin(cat='normal', port='MEM', value=(4294967295, 4294967295), at_least=1), Bin(cat='normal', port='MEM', value=(0, 0), at_least=1)}

True


8
[Coverpoint(port='IMM', bins=[Bin(port='IMM', value_range=(0, 0), hits=0, at_least=1), Bin(port='IMM', value_range=(1, 5), hits=0, at_least=1), Bin(port='IMM', value_range=(4294967290, 4294967295), hits=0, at_least=1), Bin(port='IMM', value_range=(4294967295, 4294967295), hits=0, at_least=1)], ignore_bins=[], illegal_bins=[], sequences=[])]
[]
{Bin(cat='normal', port='IMM', value=(4294967290, 4294967295), at_least=1), Bin(cat='normal', port='IMM', value=(0, 0), at_least=1), Bin(cat='normal', port='IMM', value=(4294967295, 4294967295), at_least=1), Bin(cat='normal', port='IMM', value=(1, 5), at_least=1)}

{Bin(cat='normal', port='IMM', value=(4294967295, 4294967295), at_least=1), Bin(cat='normal', port='IMM', value=(0, 0), at_least=1), Bin(cat='normal', port='IMM', value=(4294967290, 4294967295), at_least=1), Bin(cat='normal', port='IMM', value=(1, 5), at_least=1)}

True


9
[Coverpoint(port='MOVI', bins=[Bin(port='MOVI', value_range=(0, 0), hits=0, at_least=1), Bin(port='MOVI', value_range=(1, 1), hits=0, at_least=1), Bin(port='MOVI', value_range=(2, 2), hits=0, at_least=1)], ignore_bins=[], illegal_bins=[Bin(port='MOVI', value_range=(3, 3), hits=0, at_least=1)], sequences=[])]
[]
{Bin(cat='normal', port='MOVI', value=(2, 2), at_least=1), Bin(cat='illegal', port='MOVI', value=(3, 3), at_least=1), Bin(cat='normal', port='MOVI', value=(0, 0), at_least=1), Bin(cat='normal', port='MOVI', value=(1, 1), at_least=1)}

{Bin(cat='normal', port='MOVI', value=(2, 2), at_least=1), Bin(cat='illegal', port='MOVI', value=(3, 3), at_least=1), Bin(cat='normal', port='MOVI', value=(0, 0), at_least=1), Bin(cat='normal', port='MOVI', value=(1, 1), at_least=1)}

True


10
[Coverpoint(port='VLD', bins=[], ignore_bins=[], illegal_bins=[], sequences=[Sequence(port='VLD', sequence=deque([0, 1, 0]), captured=deque([], maxlen=3), hits=0, at_least=1), Sequence(port='VLD', sequence=deque([0, 1, 1, 0]), captured=deque([], maxlen=4), hits=0, at_least=1)])]
[]
{Sequence(port='VLD', sequence=(0, 1, 1, 0), at_least=1), Sequence(port='VLD', sequence=(0, 1, 0), at_least=1)}

{Sequence(port='VLD', sequence=(0, 1, 1, 0), at_least=1), Sequence(port='VLD', sequence=(0, 1, 0), at_least=1)}

True


11
[Coverpoint(port='ACT', bins=[Bin(port='ACT', value_range=(0, 0), hits=0, at_least=1), Bin(port='ACT', value_range=(1, 1), hits=0, at_least=1)], ignore_bins=[], illegal_bins=[], sequences=[]), Coverpoint(port='RDY', bins=[Bin(port='RDY', value_range=(0, 0), hits=0, at_least=1), Bin(port='RDY', value_range=(1, 1), hits=0, at_least=1)], ignore_bins=[], illegal_bins=[], sequences=[])]
[Cross(cross=[(Bin(port='ACT', value_range=(0, 0), hits=0, at_least=1), Bin(port='RDY', value_range=(0, 0), hits=0, at_least=1)), (Bin(port='ACT', value_range=(0, 0), hits=0, at_least=1), Bin(port='RDY', value_range=(1, 1), hits=0, at_least=1)), (Bin(port='ACT', value_range=(1, 1), hits=0, at_least=1), Bin(port='RDY', value_range=(0, 0), hits=0, at_least=1)), (Bin(port='ACT', value_range=(1, 1), hits=0, at_least=1), Bin(port='RDY', value_range=(1, 1), hits=0, at_least=1))], hits=[0, 0, 0, 0])]
{Bin(cat='normal', port='RDY', value=(1, 1), at_least=1), Bin(cat='normal', port='RDY', value=(0, 0), at_least=1), Cross(ports=('ACT', 'RDY'), bins=(((0, 0), (1, 1)), ((0, 0), (1, 1)))), Bin(cat='normal', port='ACT', value=(0, 0), at_least=1), Bin(cat='normal', port='ACT', value=(1, 1), at_least=1)}

{Cross(ports=('ACT', 'RDY'), bins=(((0, 0), (1, 1)), ((0, 0), (1, 1))))}

True


12
[Coverpoint(port='RDY', bins=[], ignore_bins=[], illegal_bins=[], sequences=[Sequence(port='RDY', sequence=deque([1, 0, 1]), captured=deque([], maxlen=3), hits=0, at_least=1), Sequence(port='RDY', sequence=deque([1, 0, 0, 0, 1]), captured=deque([], maxlen=5), hits=0, at_least=1), Sequence(port='RDY', sequence=deque([1, 0, 0, 1]), captured=deque([], maxlen=4), hits=0, at_least=1)])]
[]
{Sequence(port='RDY', sequence=(1, 0, 1), at_least=1), Sequence(port='RDY', sequence=(1, 0, 0, 0, 1), at_least=1), Sequence(port='RDY', sequence=(1, 0, 0, 1), at_least=1)}

{Sequence(port='RDY', sequence=(1, 0, 1), at_least=1), Sequence(port='RDY', sequence=(1, 0, 0, 0, 1), at_least=1), Sequence(port='RDY', sequence=(1, 0, 0, 1), at_least=1)}

True


13
[Coverpoint(port='REG_A', bins=[Bin(port='REG_A', value_range=(0, 1000), hits=0, at_least=1)], ignore_bins=[], illegal_bins=[], sequences=[]), Coverpoint(port='REG_B', bins=[Bin(port='REG_B', value_range=(0, 1000), hits=0, at_least=1)], ignore_bins=[], illegal_bins=[], sequences=[])]
[Cross(cross=[(Bin(port='REG_A', value_range=(0, 1000), hits=0, at_least=1), Bin(port='REG_B', value_range=(0, 1000), hits=0, at_least=1))], hits=[0])]
{Bin(cat='normal', port='REG_A', value=(0, 1000), at_least=1), Bin(cat='normal', port='REG_B', value=(0, 1000), at_least=1), Cross(ports=('REG_A', 'REG_B'), bins=(((0, 1000),), ((0, 1000),)))}

{Cross(ports=('REG_A', 'REG_B'), bins=(((0, 1000),), ((0, 1000),)))}

True


14
[Coverpoint(port='DATA', bins=[Bin(port='DATA', value_range=(0, 0), hits=0, at_least=1), Bin(port='DATA', value_range=(4294967295, 4294967295), hits=0, at_least=1)], ignore_bins=[], illegal_bins=[], sequences=[])]
[]
{Bin(cat='normal', port='DATA', value=(0, 0), at_least=1), Bin(cat='normal', port='DATA', value=(4294967295, 4294967295), at_least=1)}

{Bin(cat='normal', port='DATA', value=(0, 0), at_least=1), Bin(cat='normal', port='DATA', value=(4294967295, 4294967295), at_least=1)}

True


15
[Coverpoint(port='DATA', bins=[Bin(port='DATA', value_range=(0, 1000), hits=0, at_least=1)], ignore_bins=[], illegal_bins=[], sequences=[]), Coverpoint(port='OP', bins=[Bin(port='OP', value_range=(0, 0), hits=0, at_least=1), Bin(port='OP', value_range=(1, 1), hits=0, at_least=1), Bin(port='OP', value_range=(2, 2), hits=0, at_least=1), Bin(port='OP', value_range=(3, 3), hits=0, at_least=1)], ignore_bins=[], illegal_bins=[], sequences=[])]
[Cross(cross=[(Bin(port='OP', value_range=(0, 0), hits=0, at_least=1), Bin(port='DATA', value_range=(0, 1000), hits=0, at_least=1)), (Bin(port='OP', value_range=(1, 1), hits=0, at_least=1), Bin(port='DATA', value_range=(0, 1000), hits=0, at_least=1)), (Bin(port='OP', value_range=(2, 2), hits=0, at_least=1), Bin(port='DATA', value_range=(0, 1000), hits=0, at_least=1)), (Bin(port='OP', value_range=(3, 3), hits=0, at_least=1), Bin(port='DATA', value_range=(0, 1000), hits=0, at_least=1))], hits=[0, 0, 0, 0])]
{Bin(cat='normal', port='OP', value=(3, 3), at_least=1), Bin(cat='normal', port='OP', value=(1, 1), at_least=1), Bin(cat='normal', port='OP', value=(2, 2), at_least=1), Cross(ports=('DATA', 'OP'), bins=(((0, 1000),), ((0, 0), (1, 1), (2, 2), (3, 3)))), Bin(cat='normal', port='DATA', value=(0, 1000), at_least=1), Bin(cat='normal', port='OP', value=(0, 0), at_least=1)}

{Cross(ports=('DATA', 'OP'), bins=(((0, 1000),), ((0, 0), (1, 1), (2, 2), (3, 3))))}

True


================================================================================
Accuracy and more table (max, min, avg):
--------------------------------------------------------------------------------
ground_truth | 16 16 16.0
